Wed Apr  8 09:29:55 PDT 2026
exp-16-57
Wed Apr  8 09:29:55 2026       
+-----------------------------------------------------------------------------+
| NVIDIA-SMI 525.85.12    Driver Version: 525.85.12    CUDA Version: 12.0     |
|-------------------------------+----------------------+----------------------+
| GPU  Name        Persistence-M| Bus-Id        Disp.A | Volatile Uncorr. ECC |
| Fan  Temp  Perf  Pwr:Usage/Cap|         Memory-Usage | GPU-Util  Compute M. |
|                               |                      |               MIG M. |
|===============================+======================+======================|
|   0  NVIDIA A100-PCI...  On   | 00000000:17:00.0 Off |                    0 |
| N/A   48C    P0    53W / 250W |      0MiB / 40960MiB |      0%      Default |
|                               |                      |             Disabled |
+-------------------------------+----------------------+----------------------+
|   1  NVIDIA A100-PCI...  On   | 00000000:65:00.0 Off |                    0 |
| N/A   30C    P0    45W / 250W |      0MiB / 40960MiB |      0%      Default |
|                               |                      |             Disabled |
+-------------------------------+----------------------+----------------------+
|   2  NVIDIA A100-PCI...  On   | 00000000:CA:00.0 Off |                    0 |
| N/A   30C    P0    45W / 250W |      0MiB / 40960MiB |      0%      Default |
|                               |                      |             Disabled |
+-------------------------------+----------------------+----------------------+
|   3  NVIDIA A100-PCI...  On   | 00000000:E3:00.0 Off |                    0 |
| N/A   31C    P0    42W / 250W |      0MiB / 40960MiB |      0%      Default |
|                               |                      |             Disabled |
+-------------------------------+----------------------+----------------------+
                                                                               
+-----------------------------------------------------------------------------+
| Processes:                                                                  |
|  GPU   GI   CI        PID   Type   Process name                  GPU Memory |
|        ID   ID                                                   Usage      |
|=============================================================================|
|  No running processes found                                                 |
+-----------------------------------------------------------------------------+
mols/ not found at /expanse/lustre/scratch/jmo/temp_project/sampleworks/mols — downloading mols.tar from HuggingFace
mols/ ready at /expanse/lustre/scratch/jmo/temp_project/sampleworks/mols
[1/3] /cm/shared/apps/spack/gpu/opt/spack/linux-centos8-skylake_avx512/gcc-7.2.0/cuda-11.0.2-zlg5qohwicmsnz7y72cqghfshbdr6ron/bin/nvcc --generate-dependencies-with-compile --dependency-output dilate_points_kernel.cuda.o.d -ccbin /expanse/lustre/scratch/jmo/temp_project/sampleworks/.pixi/envs/boltz/bin/x86_64-conda-linux-gnu-cc -DTORCH_EXTENSION_NAME=dilate_points_cuda -DTORCH_API_INCLUDE_EXTENSION_H -DPYBIND11_COMPILER_TYPE=\"_gcc\" -DPYBIND11_STDLIB=\"_libstdcpp\" -DPYBIND11_BUILD_ABI=\"_cxxabi1016\" -isystem /expanse/lustre/scratch/jmo/temp_project/sampleworks/.pixi/envs/boltz/lib/python3.12/site-packages/torch/include -isystem /expanse/lustre/scratch/jmo/temp_project/sampleworks/.pixi/envs/boltz/lib/python3.12/site-packages/torch/include/torch/csrc/api/include -isystem /cm/shared/apps/spack/gpu/opt/spack/linux-centos8-skylake_avx512/gcc-7.2.0/cuda-11.0.2-zlg5qohwicmsnz7y72cqghfshbdr6ron/include -isystem /expanse/lustre/scratch/jmo/temp_project/sampleworks/.pixi/envs/boltz/include/python3.12 -D_GLIBCXX_USE_CXX11_ABI=1 -D__CUDA_NO_HALF_OPERATORS__ -D__CUDA_NO_HALF_CONVERSIONS__ -D__CUDA_NO_BFLOAT16_CONVERSIONS__ -D__CUDA_NO_HALF2_OPERATORS__ --expt-relaxed-constexpr -gencode=arch=compute_70,code=sm_70 -gencode=arch=compute_80,code=sm_80 --compiler-options '-fPIC' -std=c++17 -c /expanse/lustre/scratch/jmo/temp_project/sampleworks/src/sampleworks/core/forward_models/xray/real_space_density_deps/ops/csrc/cuda/dilate_points_kernel.cu -o dilate_points_kernel.cuda.o 
FAILED: [code=1] dilate_points_kernel.cuda.o 
/cm/shared/apps/spack/gpu/opt/spack/linux-centos8-skylake_avx512/gcc-7.2.0/cuda-11.0.2-zlg5qohwicmsnz7y72cqghfshbdr6ron/bin/nvcc --generate-dependencies-with-compile --dependency-output dilate_points_kernel.cuda.o.d -ccbin /expanse/lustre/scratch/jmo/temp_project/sampleworks/.pixi/envs/boltz/bin/x86_64-conda-linux-gnu-cc -DTORCH_EXTENSION_NAME=dilate_points_cuda -DTORCH_API_INCLUDE_EXTENSION_H -DPYBIND11_COMPILER_TYPE=\"_gcc\" -DPYBIND11_STDLIB=\"_libstdcpp\" -DPYBIND11_BUILD_ABI=\"_cxxabi1016\" -isystem /expanse/lustre/scratch/jmo/temp_project/sampleworks/.pixi/envs/boltz/lib/python3.12/site-packages/torch/include -isystem /expanse/lustre/scratch/jmo/temp_project/sampleworks/.pixi/envs/boltz/lib/python3.12/site-packages/torch/include/torch/csrc/api/include -isystem /cm/shared/apps/spack/gpu/opt/spack/linux-centos8-skylake_avx512/gcc-7.2.0/cuda-11.0.2-zlg5qohwicmsnz7y72cqghfshbdr6ron/include -isystem /expanse/lustre/scratch/jmo/temp_project/sampleworks/.pixi/envs/boltz/include/python3.12 -D_GLIBCXX_USE_CXX11_ABI=1 -D__CUDA_NO_HALF_OPERATORS__ -D__CUDA_NO_HALF_CONVERSIONS__ -D__CUDA_NO_BFLOAT16_CONVERSIONS__ -D__CUDA_NO_HALF2_OPERATORS__ --expt-relaxed-constexpr -gencode=arch=compute_70,code=sm_70 -gencode=arch=compute_80,code=sm_80 --compiler-options '-fPIC' -std=c++17 -c /expanse/lustre/scratch/jmo/temp_project/sampleworks/src/sampleworks/core/forward_models/xray/real_space_density_deps/ops/csrc/cuda/dilate_points_kernel.cu -o dilate_points_kernel.cuda.o 
In file included from /cm/shared/apps/spack/gpu/opt/spack/linux-centos8-skylake_avx512/gcc-7.2.0/cuda-11.0.2-zlg5qohwicmsnz7y72cqghfshbdr6ron/include/cuda_runtime.h:83,
                 from <command-line>:
/cm/shared/apps/spack/gpu/opt/spack/linux-centos8-skylake_avx512/gcc-7.2.0/cuda-11.0.2-zlg5qohwicmsnz7y72cqghfshbdr6ron/include/crt/host_config.h:138:2: error: #error -- unsupported GNU version! gcc versions later than 9 are not supported!
  138 | #error -- unsupported GNU version! gcc versions later than 9 are not supported!
      |  ^~~~~
[2/3] /cm/shared/apps/spack/gpu/opt/spack/linux-centos8-skylake_avx512/gcc-7.2.0/cuda-11.0.2-zlg5qohwicmsnz7y72cqghfshbdr6ron/bin/nvcc --generate-dependencies-with-compile --dependency-output dilate_points_impl.cuda.o.d -ccbin /expanse/lustre/scratch/jmo/temp_project/sampleworks/.pixi/envs/boltz/bin/x86_64-conda-linux-gnu-cc -DTORCH_EXTENSION_NAME=dilate_points_cuda -DTORCH_API_INCLUDE_EXTENSION_H -DPYBIND11_COMPILER_TYPE=\"_gcc\" -DPYBIND11_STDLIB=\"_libstdcpp\" -DPYBIND11_BUILD_ABI=\"_cxxabi1016\" -isystem /expanse/lustre/scratch/jmo/temp_project/sampleworks/.pixi/envs/boltz/lib/python3.12/site-packages/torch/include -isystem /expanse/lustre/scratch/jmo/temp_project/sampleworks/.pixi/envs/boltz/lib/python3.12/site-packages/torch/include/torch/csrc/api/include -isystem /cm/shared/apps/spack/gpu/opt/spack/linux-centos8-skylake_avx512/gcc-7.2.0/cuda-11.0.2-zlg5qohwicmsnz7y72cqghfshbdr6ron/include -isystem /expanse/lustre/scratch/jmo/temp_project/sampleworks/.pixi/envs/boltz/include/python3.12 -D_GLIBCXX_USE_CXX11_ABI=1 -D__CUDA_NO_HALF_OPERATORS__ -D__CUDA_NO_HALF_CONVERSIONS__ -D__CUDA_NO_BFLOAT16_CONVERSIONS__ -D__CUDA_NO_HALF2_OPERATORS__ --expt-relaxed-constexpr -gencode=arch=compute_70,code=sm_70 -gencode=arch=compute_80,code=sm_80 --compiler-options '-fPIC' -std=c++17 -c /expanse/lustre/scratch/jmo/temp_project/sampleworks/src/sampleworks/core/forward_models/xray/real_space_density_deps/ops/csrc/cuda/dilate_points_impl.cu -o dilate_points_impl.cuda.o 
FAILED: [code=1] dilate_points_impl.cuda.o 
/cm/shared/apps/spack/gpu/opt/spack/linux-centos8-skylake_avx512/gcc-7.2.0/cuda-11.0.2-zlg5qohwicmsnz7y72cqghfshbdr6ron/bin/nvcc --generate-dependencies-with-compile --dependency-output dilate_points_impl.cuda.o.d -ccbin /expanse/lustre/scratch/jmo/temp_project/sampleworks/.pixi/envs/boltz/bin/x86_64-conda-linux-gnu-cc -DTORCH_EXTENSION_NAME=dilate_points_cuda -DTORCH_API_INCLUDE_EXTENSION_H -DPYBIND11_COMPILER_TYPE=\"_gcc\" -DPYBIND11_STDLIB=\"_libstdcpp\" -DPYBIND11_BUILD_ABI=\"_cxxabi1016\" -isystem /expanse/lustre/scratch/jmo/temp_project/sampleworks/.pixi/envs/boltz/lib/python3.12/site-packages/torch/include -isystem /expanse/lustre/scratch/jmo/temp_project/sampleworks/.pixi/envs/boltz/lib/python3.12/site-packages/torch/include/torch/csrc/api/include -isystem /cm/shared/apps/spack/gpu/opt/spack/linux-centos8-skylake_avx512/gcc-7.2.0/cuda-11.0.2-zlg5qohwicmsnz7y72cqghfshbdr6ron/include -isystem /expanse/lustre/scratch/jmo/temp_project/sampleworks/.pixi/envs/boltz/include/python3.12 -D_GLIBCXX_USE_CXX11_ABI=1 -D__CUDA_NO_HALF_OPERATORS__ -D__CUDA_NO_HALF_CONVERSIONS__ -D__CUDA_NO_BFLOAT16_CONVERSIONS__ -D__CUDA_NO_HALF2_OPERATORS__ --expt-relaxed-constexpr -gencode=arch=compute_70,code=sm_70 -gencode=arch=compute_80,code=sm_80 --compiler-options '-fPIC' -std=c++17 -c /expanse/lustre/scratch/jmo/temp_project/sampleworks/src/sampleworks/core/forward_models/xray/real_space_density_deps/ops/csrc/cuda/dilate_points_impl.cu -o dilate_points_impl.cuda.o 
In file included from /cm/shared/apps/spack/gpu/opt/spack/linux-centos8-skylake_avx512/gcc-7.2.0/cuda-11.0.2-zlg5qohwicmsnz7y72cqghfshbdr6ron/include/cuda_runtime.h:83,
                 from <command-line>:
/cm/shared/apps/spack/gpu/opt/spack/linux-centos8-skylake_avx512/gcc-7.2.0/cuda-11.0.2-zlg5qohwicmsnz7y72cqghfshbdr6ron/include/crt/host_config.h:138:2: error: #error -- unsupported GNU version! gcc versions later than 9 are not supported!
  138 | #error -- unsupported GNU version! gcc versions later than 9 are not supported!
      |  ^~~~~
ninja: build stopped: subcommand failed.
CUDA extension loading failed: Error building extension 'dilate_points_cuda'
GPU usage:
  memory.used memory.free
0       3 MiB   40510 MiB
1       3 MiB   40510 MiB
2       3 MiB   40510 MiB
3       3 MiB   40510 MiB
Selected GPU 0 is not in CUDA_VISIBLE_DEVICES:                     [1]. Selecting first available GPU:                     1.
Checking input data.
CUDA extension loading failed: /home/jmo/.cache/torch_extensions/py312_cu126/dilate_points_cuda/dilate_points_cuda.so: cannot open shared object file: No such file or directory
GPU usage:
  memory.used memory.free
0       3 MiB   40510 MiB
1       3 MiB   40510 MiB
2       3 MiB   40510 MiB
3       3 MiB   40510 MiB
Returning GPU0 with 40510 free MiB
Checking input data.
CUDA extension loading failed: /home/jmo/.cache/torch_extensions/py312_cu126/dilate_points_cuda/dilate_points_cuda.so: cannot open shared object file: No such file or directory
GPU usage:
  memory.used memory.free
0       3 MiB   40510 MiB
1       3 MiB   40510 MiB
2       3 MiB   40510 MiB
3       3 MiB   40510 MiB
Selected GPU 0 is not in CUDA_VISIBLE_DEVICES:                     [2]. Selecting first available GPU:                     2.
Checking input data.
CUDA extension loading failed: /home/jmo/.cache/torch_extensions/py312_cu126/dilate_points_cuda/dilate_points_cuda.so: cannot open shared object file: No such file or directory
GPU usage:
  memory.used memory.free
0       3 MiB   40510 MiB
1       3 MiB   40510 MiB
2       3 MiB   40510 MiB
3       3 MiB   40510 MiB
Selected GPU 0 is not in CUDA_VISIBLE_DEVICES:                     [3]. Selecting first available GPU:                     3.
Checking input data.
Found 0 existing processed inputs, skipping them.
Found 0 existing processed inputs, skipping them.
Found 0 existing processed inputs, skipping them.
Found 0 existing processed inputs, skipping them.
Processing 1 inputs with 1 threads.
Processing 1 inputs with 1 threads.
Processing 1 inputs with 1 threads.
Processing 1 inputs with 1 threads.
All 4 ensemble members complete.
Job 47871334 complete.
